<?xml version="1.0" encoding="utf-8" ?>
<result>
	<nb_uniq_visitors_returning>1</nb_uniq_visitors_returning>
	<nb_users_returning>0</nb_users_returning>
	<nb_visits_returning>1</nb_visits_returning>
	<nb_actions_returning>1</nb_actions_returning>
	<nb_visits_converted_returning>1</nb_visits_converted_returning>
	<bounce_count_returning>1</bounce_count_returning>
	<sum_visit_length_returning>0</sum_visit_length_returning>
	<max_actions_returning>1</max_actions_returning>
	<bounce_rate_returning>100%</bounce_rate_returning>
	<nb_actions_per_visit_returning>1</nb_actions_per_visit_returning>
	<avg_time_on_site_returning>0</avg_time_on_site_returning>
	<comparisons>
		<row>
			<nb_uniq_visitors_returning>1</nb_uniq_visitors_returning>
			<nb_users_returning>0</nb_users_returning>
			<nb_visits_returning>1</nb_visits_returning>
			<nb_actions_returning>1</nb_actions_returning>
			<nb_visits_converted_returning>1</nb_visits_converted_returning>
			<bounce_count_returning>1</bounce_count_returning>
			<sum_visit_length_returning>0</sum_visit_length_returning>
			<max_actions_returning>1</max_actions_returning>
			<bounce_rate_returning>100%</bounce_rate_returning>
			<nb_actions_per_visit_returning>1</nb_actions_per_visit_returning>
			<avg_time_on_site_returning>0</avg_time_on_site_returning>
			<compareSegment />
			<compareSegmentPretty>All visits</compareSegmentPretty>
			<comparePeriod>month</comparePeriod>
			<compareDate>2012-08-09</compareDate>
			<comparePeriodPretty>August 2012</comparePeriodPretty>
			<compareSeriesPretty>(August 2012) (All visits)</compareSeriesPretty>
			<idsubdatatable>-1</idsubdatatable>
		</row>
		<row>
			<nb_uniq_visitors_returning>0</nb_uniq_visitors_returning>
			<nb_users_returning>0</nb_users_returning>
			<nb_visits_returning>0</nb_visits_returning>
			<nb_actions_returning>0</nb_actions_returning>
			<nb_visits_converted_returning>0</nb_visits_converted_returning>
			<bounce_count_returning>0</bounce_count_returning>
			<sum_visit_length_returning>0</sum_visit_length_returning>
			<max_actions_returning>0</max_actions_returning>
			<bounce_rate_returning>0%</bounce_rate_returning>
			<nb_actions_per_visit_returning>0</nb_actions_per_visit_returning>
			<avg_time_on_site_returning>0</avg_time_on_site_returning>
			<compareSegment>browserCode%3D%3Dff</compareSegment>
			<compareSegmentPretty>browserCode==ff</compareSegmentPretty>
			<comparePeriod>month</comparePeriod>
			<compareDate>2012-08-09</compareDate>
			<comparePeriodPretty>August 2012</comparePeriodPretty>
			<compareSeriesPretty>(August 2012) (browserCode==ff)</compareSeriesPretty>
			<idsubdatatable>-1</idsubdatatable>
		</row>
		<row>
			<nb_uniq_visitors_returning>0</nb_uniq_visitors_returning>
			<nb_users_returning>0</nb_users_returning>
			<nb_visits_returning>0</nb_visits_returning>
			<nb_actions_returning>0</nb_actions_returning>
			<nb_visits_converted_returning>0</nb_visits_converted_returning>
			<bounce_count_returning>0</bounce_count_returning>
			<sum_visit_length_returning>0</sum_visit_length_returning>
			<max_actions_returning>0</max_actions_returning>
			<bounce_rate_returning>0%</bounce_rate_returning>
			<nb_actions_per_visit_returning>0</nb_actions_per_visit_returning>
			<avg_time_on_site_returning>0</avg_time_on_site_returning>
			<compareSegment>browserCode%3D%3Die</compareSegment>
			<compareSegmentPretty>browserCode==ie</compareSegmentPretty>
			<comparePeriod>month</comparePeriod>
			<compareDate>2012-08-09</compareDate>
			<comparePeriodPretty>August 2012</comparePeriodPretty>
			<compareSeriesPretty>(August 2012) (browserCode==ie)</compareSeriesPretty>
			<idsubdatatable>-1</idsubdatatable>
		</row>
	</comparisons>
</result>