<?xml version="1.0" encoding="utf-8" ?>
<result>
	<nb_uniq_visitors_returning>1</nb_uniq_visitors_returning>
	<nb_users_returning>0</nb_users_returning>
	<nb_visits_returning>1</nb_visits_returning>
	<nb_actions_returning>1</nb_actions_returning>
	<nb_visits_converted_returning>1</nb_visits_converted_returning>
	<bounce_count_returning>1</bounce_count_returning>
	<sum_visit_length_returning>0</sum_visit_length_returning>
	<max_actions_returning>1</max_actions_returning>
	<bounce_rate_returning>100%</bounce_rate_returning>
	<nb_actions_per_visit_returning>1</nb_actions_per_visit_returning>
	<avg_time_on_site_returning>0</avg_time_on_site_returning>
	<comparisons>
		<row>
			<nb_uniq_visitors_returning>1</nb_uniq_visitors_returning>
			<nb_users_returning>0</nb_users_returning>
			<nb_visits_returning>1</nb_visits_returning>
			<nb_actions_returning>1</nb_actions_returning>
			<nb_visits_converted_returning>1</nb_visits_converted_returning>
			<bounce_count_returning>1</bounce_count_returning>
			<sum_visit_length_returning>0</sum_visit_length_returning>
			<max_actions_returning>1</max_actions_returning>
			<bounce_rate_returning>100%</bounce_rate_returning>
			<nb_actions_per_visit_returning>1</nb_actions_per_visit_returning>
			<avg_time_on_site_returning>0</avg_time_on_site_returning>
			<compareSegment />
			<compareSegmentPretty>All visits</compareSegmentPretty>
			<comparePeriod>month</comparePeriod>
			<compareDate>2012-08-09</compareDate>
			<comparePeriodPretty>August 2012</comparePeriodPretty>
			<compareSeriesPretty>(August 2012) (All visits)</compareSeriesPretty>
			<idsubdatatable>-1</idsubdatatable>
		</row>
		<row>
			<nb_uniq_visitors_returning>0</nb_uniq_visitors_returning>
			<nb_users_returning>0</nb_users_returning>
			<nb_visits_returning>0</nb_visits_returning>
			<nb_actions_returning>0</nb_actions_returning>
			<nb_visits_converted_returning>0</nb_visits_converted_returning>
			<bounce_count_returning>0</bounce_count_returning>
			<sum_visit_length_returning>0</sum_visit_length_returning>
			<max_actions_returning>0</max_actions_returning>
			<bounce_rate_returning>0%</bounce_rate_returning>
			<nb_actions_per_visit_returning>0</nb_actions_per_visit_returning>
			<avg_time_on_site_returning>0</avg_time_on_site_returning>
			<compareSegment>browserCode%3D%3Dff</compareSegment>
			<compareSegmentPretty>browserCode==ff</compareSegmentPretty>
			<comparePeriod>month</comparePeriod>
			<compareDate>2012-08-09</compareDate>
			<comparePeriodPretty>August 2012</comparePeriodPretty>
			<compareSeriesPretty>(August 2012) (browserCode==ff)</compareSeriesPretty>
			<idsubdatatable>-1</idsubdatatable>
		</row>
		<row>
			<nb_uniq_visitors_returning>0</nb_uniq_visitors_returning>
			<nb_users_returning>0</nb_users_returning>
			<nb_visits_returning>0</nb_visits_returning>
			<nb_actions_returning>0</nb_actions_returning>
			<nb_visits_converted_returning>0</nb_visits_converted_returning>
			<bounce_count_returning>0</bounce_count_returning>
			<sum_visit_length_returning>0</sum_visit_length_returning>
			<max_actions_returning>0</max_actions_returning>
			<bounce_rate_returning>0%</bounce_rate_returning>
			<nb_actions_per_visit_returning>0</nb_actions_per_visit_returning>
			<avg_time_on_site_returning>0</avg_time_on_site_returning>
			<compareSegment>browserCode%3D%3Die</compareSegment>
			<compareSegmentPretty>browserCode==ie</compareSegmentPretty>
			<comparePeriod>month</comparePeriod>
			<compareDate>2012-08-09</compareDate>
			<comparePeriodPretty>August 2012</comparePeriodPretty>
			<compareSeriesPretty>(August 2012) (browserCode==ie)</compareSeriesPretty>
			<idsubdatatable>-1</idsubdatatable>
		</row>
		<row>
			<nb_uniq_visitors_returning>0</nb_uniq_visitors_returning>
			<nb_users_returning>0</nb_users_returning>
			<nb_visits_returning>0</nb_visits_returning>
			<nb_actions_returning>0</nb_actions_returning>
			<nb_visits_converted_returning>0</nb_visits_converted_returning>
			<bounce_count_returning>0</bounce_count_returning>
			<sum_visit_length_returning>0</sum_visit_length_returning>
			<max_actions_returning>0</max_actions_returning>
			<bounce_rate_returning>0%</bounce_rate_returning>
			<nb_actions_per_visit_returning>0</nb_actions_per_visit_returning>
			<avg_time_on_site_returning>0</avg_time_on_site_returning>
			<nb_uniq_visitors_returning_change>-100%</nb_uniq_visitors_returning_change>
			<nb_uniq_visitors_returning_change_from>+100%</nb_uniq_visitors_returning_change_from>
			<nb_users_returning_change>+0%</nb_users_returning_change>
			<nb_users_returning_change_from>+0%</nb_users_returning_change_from>
			<nb_visits_returning_change>-100%</nb_visits_returning_change>
			<nb_visits_returning_change_from>+100%</nb_visits_returning_change_from>
			<nb_actions_returning_change>-100%</nb_actions_returning_change>
			<nb_actions_returning_change_from>+100%</nb_actions_returning_change_from>
			<nb_visits_converted_returning_change>-100%</nb_visits_converted_returning_change>
			<nb_visits_converted_returning_change_from>+100%</nb_visits_converted_returning_change_from>
			<bounce_count_returning_change>-100%</bounce_count_returning_change>
			<bounce_count_returning_change_from>+100%</bounce_count_returning_change_from>
			<sum_visit_length_returning_change>+0%</sum_visit_length_returning_change>
			<sum_visit_length_returning_change_from>+0%</sum_visit_length_returning_change_from>
			<max_actions_returning_change>-100%</max_actions_returning_change>
			<max_actions_returning_change_from>+100%</max_actions_returning_change_from>
			<bounce_rate_returning_change>-100%</bounce_rate_returning_change>
			<bounce_rate_returning_change_from>+100%</bounce_rate_returning_change_from>
			<nb_actions_per_visit_returning_change>-100%</nb_actions_per_visit_returning_change>
			<nb_actions_per_visit_returning_change_from>+100%</nb_actions_per_visit_returning_change_from>
			<avg_time_on_site_returning_change>+0%</avg_time_on_site_returning_change>
			<avg_time_on_site_returning_change_from>+0%</avg_time_on_site_returning_change_from>
			<compareSegment />
			<compareSegmentPretty>All visits</compareSegmentPretty>
			<comparePeriod>day</comparePeriod>
			<compareDate>2012-08-10</compareDate>
			<comparePeriodPretty>Friday, August 10, 2012</comparePeriodPretty>
			<compareSeriesPretty>(Friday, August 10, 2012) (All visits)</compareSeriesPretty>
			<idsubdatatable>-1</idsubdatatable>
		</row>
		<row>
			<nb_uniq_visitors_returning>0</nb_uniq_visitors_returning>
			<nb_users_returning>0</nb_users_returning>
			<nb_visits_returning>0</nb_visits_returning>
			<nb_actions_returning>0</nb_actions_returning>
			<nb_visits_converted_returning>0</nb_visits_converted_returning>
			<bounce_count_returning>0</bounce_count_returning>
			<sum_visit_length_returning>0</sum_visit_length_returning>
			<max_actions_returning>0</max_actions_returning>
			<bounce_rate_returning>0%</bounce_rate_returning>
			<nb_actions_per_visit_returning>0</nb_actions_per_visit_returning>
			<avg_time_on_site_returning>0</avg_time_on_site_returning>
			<nb_uniq_visitors_returning_change>+0%</nb_uniq_visitors_returning_change>
			<nb_uniq_visitors_returning_change_from>+0%</nb_uniq_visitors_returning_change_from>
			<nb_users_returning_change>+0%</nb_users_returning_change>
			<nb_users_returning_change_from>+0%</nb_users_returning_change_from>
			<nb_visits_returning_change>+0%</nb_visits_returning_change>
			<nb_visits_returning_change_from>+0%</nb_visits_returning_change_from>
			<nb_actions_returning_change>+0%</nb_actions_returning_change>
			<nb_actions_returning_change_from>+0%</nb_actions_returning_change_from>
			<nb_visits_converted_returning_change>+0%</nb_visits_converted_returning_change>
			<nb_visits_converted_returning_change_from>+0%</nb_visits_converted_returning_change_from>
			<bounce_count_returning_change>+0%</bounce_count_returning_change>
			<bounce_count_returning_change_from>+0%</bounce_count_returning_change_from>
			<sum_visit_length_returning_change>+0%</sum_visit_length_returning_change>
			<sum_visit_length_returning_change_from>+0%</sum_visit_length_returning_change_from>
			<max_actions_returning_change>+0%</max_actions_returning_change>
			<max_actions_returning_change_from>+0%</max_actions_returning_change_from>
			<bounce_rate_returning_change>+0%</bounce_rate_returning_change>
			<bounce_rate_returning_change_from>+0%</bounce_rate_returning_change_from>
			<nb_actions_per_visit_returning_change>+0%</nb_actions_per_visit_returning_change>
			<nb_actions_per_visit_returning_change_from>+0%</nb_actions_per_visit_returning_change_from>
			<avg_time_on_site_returning_change>+0%</avg_time_on_site_returning_change>
			<avg_time_on_site_returning_change_from>+0%</avg_time_on_site_returning_change_from>
			<compareSegment>browserCode%3D%3Dff</compareSegment>
			<compareSegmentPretty>browserCode==ff</compareSegmentPretty>
			<comparePeriod>day</comparePeriod>
			<compareDate>2012-08-10</compareDate>
			<comparePeriodPretty>Friday, August 10, 2012</comparePeriodPretty>
			<compareSeriesPretty>(Friday, August 10, 2012) (browserCode==ff)</compareSeriesPretty>
			<idsubdatatable>-1</idsubdatatable>
		</row>
		<row>
			<nb_uniq_visitors_returning>0</nb_uniq_visitors_returning>
			<nb_users_returning>0</nb_users_returning>
			<nb_visits_returning>0</nb_visits_returning>
			<nb_actions_returning>0</nb_actions_returning>
			<nb_visits_converted_returning>0</nb_visits_converted_returning>
			<bounce_count_returning>0</bounce_count_returning>
			<sum_visit_length_returning>0</sum_visit_length_returning>
			<max_actions_returning>0</max_actions_returning>
			<bounce_rate_returning>0%</bounce_rate_returning>
			<nb_actions_per_visit_returning>0</nb_actions_per_visit_returning>
			<avg_time_on_site_returning>0</avg_time_on_site_returning>
			<nb_uniq_visitors_returning_change>+0%</nb_uniq_visitors_returning_change>
			<nb_uniq_visitors_returning_change_from>+0%</nb_uniq_visitors_returning_change_from>
			<nb_users_returning_change>+0%</nb_users_returning_change>
			<nb_users_returning_change_from>+0%</nb_users_returning_change_from>
			<nb_visits_returning_change>+0%</nb_visits_returning_change>
			<nb_visits_returning_change_from>+0%</nb_visits_returning_change_from>
			<nb_actions_returning_change>+0%</nb_actions_returning_change>
			<nb_actions_returning_change_from>+0%</nb_actions_returning_change_from>
			<nb_visits_converted_returning_change>+0%</nb_visits_converted_returning_change>
			<nb_visits_converted_returning_change_from>+0%</nb_visits_converted_returning_change_from>
			<bounce_count_returning_change>+0%</bounce_count_returning_change>
			<bounce_count_returning_change_from>+0%</bounce_count_returning_change_from>
			<sum_visit_length_returning_change>+0%</sum_visit_length_returning_change>
			<sum_visit_length_returning_change_from>+0%</sum_visit_length_returning_change_from>
			<max_actions_returning_change>+0%</max_actions_returning_change>
			<max_actions_returning_change_from>+0%</max_actions_returning_change_from>
			<bounce_rate_returning_change>+0%</bounce_rate_returning_change>
			<bounce_rate_returning_change_from>+0%</bounce_rate_returning_change_from>
			<nb_actions_per_visit_returning_change>+0%</nb_actions_per_visit_returning_change>
			<nb_actions_per_visit_returning_change_from>+0%</nb_actions_per_visit_returning_change_from>
			<avg_time_on_site_returning_change>+0%</avg_time_on_site_returning_change>
			<avg_time_on_site_returning_change_from>+0%</avg_time_on_site_returning_change_from>
			<compareSegment>browserCode%3D%3Die</compareSegment>
			<compareSegmentPretty>browserCode==ie</compareSegmentPretty>
			<comparePeriod>day</comparePeriod>
			<compareDate>2012-08-10</compareDate>
			<comparePeriodPretty>Friday, August 10, 2012</comparePeriodPretty>
			<compareSeriesPretty>(Friday, August 10, 2012) (browserCode==ie)</compareSeriesPretty>
			<idsubdatatable>-1</idsubdatatable>
		</row>
		<row>
			<nb_uniq_visitors_returning>1</nb_uniq_visitors_returning>
			<nb_users_returning>0</nb_users_returning>
			<nb_visits_returning>1</nb_visits_returning>
			<nb_actions_returning>1</nb_actions_returning>
			<nb_visits_converted_returning>1</nb_visits_converted_returning>
			<bounce_count_returning>1</bounce_count_returning>
			<sum_visit_length_returning>0</sum_visit_length_returning>
			<max_actions_returning>1</max_actions_returning>
			<bounce_rate_returning>100%</bounce_rate_returning>
			<nb_actions_per_visit_returning>1</nb_actions_per_visit_returning>
			<avg_time_on_site_returning>0</avg_time_on_site_returning>
			<nb_uniq_visitors_returning_change>+0%</nb_uniq_visitors_returning_change>
			<nb_uniq_visitors_returning_change_from>+0%</nb_uniq_visitors_returning_change_from>
			<nb_users_returning_change>+0%</nb_users_returning_change>
			<nb_users_returning_change_from>+0%</nb_users_returning_change_from>
			<nb_visits_returning_change>+0%</nb_visits_returning_change>
			<nb_visits_returning_change_from>+0%</nb_visits_returning_change_from>
			<nb_actions_returning_change>+0%</nb_actions_returning_change>
			<nb_actions_returning_change_from>+0%</nb_actions_returning_change_from>
			<nb_visits_converted_returning_change>+0%</nb_visits_converted_returning_change>
			<nb_visits_converted_returning_change_from>+0%</nb_visits_converted_returning_change_from>
			<bounce_count_returning_change>+0%</bounce_count_returning_change>
			<bounce_count_returning_change_from>+0%</bounce_count_returning_change_from>
			<sum_visit_length_returning_change>+0%</sum_visit_length_returning_change>
			<sum_visit_length_returning_change_from>+0%</sum_visit_length_returning_change_from>
			<max_actions_returning_change>+0%</max_actions_returning_change>
			<max_actions_returning_change_from>+0%</max_actions_returning_change_from>
			<bounce_rate_returning_change>+0%</bounce_rate_returning_change>
			<bounce_rate_returning_change_from>+0%</bounce_rate_returning_change_from>
			<nb_actions_per_visit_returning_change>+0%</nb_actions_per_visit_returning_change>
			<nb_actions_per_visit_returning_change_from>+0%</nb_actions_per_visit_returning_change_from>
			<avg_time_on_site_returning_change>+0%</avg_time_on_site_returning_change>
			<avg_time_on_site_returning_change_from>+0%</avg_time_on_site_returning_change_from>
			<compareSegment />
			<compareSegmentPretty>All visits</compareSegmentPretty>
			<comparePeriod>week</comparePeriod>
			<compareDate>2012-08-16</compareDate>
			<comparePeriodPretty>Week August 13 – 19, 2012</comparePeriodPretty>
			<compareSeriesPretty>(Week August 13 – 19, 2012) (All visits)</compareSeriesPretty>
			<idsubdatatable>-1</idsubdatatable>
		</row>
		<row>
			<nb_uniq_visitors_returning>0</nb_uniq_visitors_returning>
			<nb_users_returning>0</nb_users_returning>
			<nb_visits_returning>0</nb_visits_returning>
			<nb_actions_returning>0</nb_actions_returning>
			<nb_visits_converted_returning>0</nb_visits_converted_returning>
			<bounce_count_returning>0</bounce_count_returning>
			<sum_visit_length_returning>0</sum_visit_length_returning>
			<max_actions_returning>0</max_actions_returning>
			<bounce_rate_returning>0%</bounce_rate_returning>
			<nb_actions_per_visit_returning>0</nb_actions_per_visit_returning>
			<avg_time_on_site_returning>0</avg_time_on_site_returning>
			<nb_uniq_visitors_returning_change>+0%</nb_uniq_visitors_returning_change>
			<nb_uniq_visitors_returning_change_from>+0%</nb_uniq_visitors_returning_change_from>
			<nb_users_returning_change>+0%</nb_users_returning_change>
			<nb_users_returning_change_from>+0%</nb_users_returning_change_from>
			<nb_visits_returning_change>+0%</nb_visits_returning_change>
			<nb_visits_returning_change_from>+0%</nb_visits_returning_change_from>
			<nb_actions_returning_change>+0%</nb_actions_returning_change>
			<nb_actions_returning_change_from>+0%</nb_actions_returning_change_from>
			<nb_visits_converted_returning_change>+0%</nb_visits_converted_returning_change>
			<nb_visits_converted_returning_change_from>+0%</nb_visits_converted_returning_change_from>
			<bounce_count_returning_change>+0%</bounce_count_returning_change>
			<bounce_count_returning_change_from>+0%</bounce_count_returning_change_from>
			<sum_visit_length_returning_change>+0%</sum_visit_length_returning_change>
			<sum_visit_length_returning_change_from>+0%</sum_visit_length_returning_change_from>
			<max_actions_returning_change>+0%</max_actions_returning_change>
			<max_actions_returning_change_from>+0%</max_actions_returning_change_from>
			<bounce_rate_returning_change>+0%</bounce_rate_returning_change>
			<bounce_rate_returning_change_from>+0%</bounce_rate_returning_change_from>
			<nb_actions_per_visit_returning_change>+0%</nb_actions_per_visit_returning_change>
			<nb_actions_per_visit_returning_change_from>+0%</nb_actions_per_visit_returning_change_from>
			<avg_time_on_site_returning_change>+0%</avg_time_on_site_returning_change>
			<avg_time_on_site_returning_change_from>+0%</avg_time_on_site_returning_change_from>
			<compareSegment>browserCode%3D%3Dff</compareSegment>
			<compareSegmentPretty>browserCode==ff</compareSegmentPretty>
			<comparePeriod>week</comparePeriod>
			<compareDate>2012-08-16</compareDate>
			<comparePeriodPretty>Week August 13 – 19, 2012</comparePeriodPretty>
			<compareSeriesPretty>(Week August 13 – 19, 2012) (browserCode==ff)</compareSeriesPretty>
			<idsubdatatable>-1</idsubdatatable>
		</row>
		<row>
			<nb_uniq_visitors_returning>0</nb_uniq_visitors_returning>
			<nb_users_returning>0</nb_users_returning>
			<nb_visits_returning>0</nb_visits_returning>
			<nb_actions_returning>0</nb_actions_returning>
			<nb_visits_converted_returning>0</nb_visits_converted_returning>
			<bounce_count_returning>0</bounce_count_returning>
			<sum_visit_length_returning>0</sum_visit_length_returning>
			<max_actions_returning>0</max_actions_returning>
			<bounce_rate_returning>0%</bounce_rate_returning>
			<nb_actions_per_visit_returning>0</nb_actions_per_visit_returning>
			<avg_time_on_site_returning>0</avg_time_on_site_returning>
			<nb_uniq_visitors_returning_change>+0%</nb_uniq_visitors_returning_change>
			<nb_uniq_visitors_returning_change_from>+0%</nb_uniq_visitors_returning_change_from>
			<nb_users_returning_change>+0%</nb_users_returning_change>
			<nb_users_returning_change_from>+0%</nb_users_returning_change_from>
			<nb_visits_returning_change>+0%</nb_visits_returning_change>
			<nb_visits_returning_change_from>+0%</nb_visits_returning_change_from>
			<nb_actions_returning_change>+0%</nb_actions_returning_change>
			<nb_actions_returning_change_from>+0%</nb_actions_returning_change_from>
			<nb_visits_converted_returning_change>+0%</nb_visits_converted_returning_change>
			<nb_visits_converted_returning_change_from>+0%</nb_visits_converted_returning_change_from>
			<bounce_count_returning_change>+0%</bounce_count_returning_change>
			<bounce_count_returning_change_from>+0%</bounce_count_returning_change_from>
			<sum_visit_length_returning_change>+0%</sum_visit_length_returning_change>
			<sum_visit_length_returning_change_from>+0%</sum_visit_length_returning_change_from>
			<max_actions_returning_change>+0%</max_actions_returning_change>
			<max_actions_returning_change_from>+0%</max_actions_returning_change_from>
			<bounce_rate_returning_change>+0%</bounce_rate_returning_change>
			<bounce_rate_returning_change_from>+0%</bounce_rate_returning_change_from>
			<nb_actions_per_visit_returning_change>+0%</nb_actions_per_visit_returning_change>
			<nb_actions_per_visit_returning_change_from>+0%</nb_actions_per_visit_returning_change_from>
			<avg_time_on_site_returning_change>+0%</avg_time_on_site_returning_change>
			<avg_time_on_site_returning_change_from>+0%</avg_time_on_site_returning_change_from>
			<compareSegment>browserCode%3D%3Die</compareSegment>
			<compareSegmentPretty>browserCode==ie</compareSegmentPretty>
			<comparePeriod>week</comparePeriod>
			<compareDate>2012-08-16</compareDate>
			<comparePeriodPretty>Week August 13 – 19, 2012</comparePeriodPretty>
			<compareSeriesPretty>(Week August 13 – 19, 2012) (browserCode==ie)</compareSeriesPretty>
			<idsubdatatable>-1</idsubdatatable>
		</row>
	</comparisons>
</result>